// Jest Snapshot v1, https://goo.gl/fbAQLP

exports[`pruebas en el componente <RealExampleRef /> should de mostrarse correctamente 1`] = `
<Fragment>
  <h1>
    Real Example useRef
  </h1>
  <hr />
  <button
    className="btn btn-primary mt-50"
    onClick={[Function]}
  >
    show/Hide
  </button>
</Fragment>
`;
