// Jest Snapshot v1, https://goo.gl/fbAQLP

exports[`Pruebas en <AppRouter /> should de mostrarse correctamnete 1`] = `
Array [
  <div>
    <nav
      className="navbar navbar-expand-sm navbar-dark bg-dark"
    >
      <div
        className="collapse navbar-collapse"
        id="navbarNavAltMarkup"
      >
        <div
          className="navbar-nav"
        >
          <a
            aria-current="page"
            className="nav-link  active"
            href="/"
            onClick={[Function]}
          >
            Home
          </a>
          <a
            className="nav-link"
            href="/about"
            onClick={[Function]}
          >
            About
          </a>
          <a
            className="nav-link"
            href="/login"
            onClick={[Function]}
          >
            Login
          </a>
        </div>
      </div>
    </nav>
    <div
      className="container"
    >
      <div>
        <h1>
          Home Screen
        </h1>
        <hr />
        <pre>
          {
    "id": 1,
    "name": "emely"
}
        </pre>
      </div>
    </div>
  </div>,
  ")",
]
`;
